// Jest Snapshot v1, https://goo.gl/fbAQLP

exports[`Reset Component Reset renders correctly 1`] = `
<DocumentFragment>
  <button
    class="css-15ja8qh"
  >
    ðŸ™‚
  </button>
</DocumentFragment>
`;
